e: file:///C:/Users/luisg/A
e: file:///C:/Users/luisg/A
e: file:///C:/Users/luisg/A
